[0;1;40;30mдд 100% дддддддддддддддддддддддддддддддддддддддддддддддддддддддддддддддддддддддд









дд 50% ддддддддддддддддддддддддддддддддддддддддддддддддддддддддддддддддддддддддд









ед 0% ддддддддддддддддддддддддддддддддддддддддддддддддддддддддддддддддддддддддде June 8[0m[63C[1;30m Nov. 8 